
> tailmate@0.1.0 build
> react-scripts build

node.exe : 
(node:16120) [DEP0176] 
DeprecationWarning: 
fs.F_OK is deprecated, 
use fs.constants.F_OK 
instead
At line:1 char:1
+ & "C:\Program 
Files\nodejs/node.exe" 
"C:\Program 
Files\nodejs/node_mo 
...
+ ~~~~~~~~~~~~~~~~~~~~~
~~~~~~~~~~~~~~~~~~~~~~~
~~~~~~~~~~~~~~~~~~~~~~~
~~
    + CategoryInfo     
         : NotSpecifi  
  ed: ((node:16120)    
 [D...ts.F_OK inste    
ad:String) [], Rem    
oteException
    + FullyQualifiedEr 
   rorId : NativeComm  
  andError
 
(Use `node 
--trace-deprecation 
...` to show where the 
warning was created)
Creating an optimized production build...
Compiled with warnings.

[eslint] 
src\components\Home.js
  Line 7:23:  'setSearchQuery' is assigned a value but never used  no-unused-vars
  Line 10:9:  'handleSearch' is assigned a value but never used    no-unused-vars

src\components\ImageModal.js
  Line 28:6:  React Hook React.useEffect has a missing dependency: 'onClose'. Either include it or remove the dependency array. If 'onClose' changes too often, find the parent component that defines it and wrap that definition in useCallback  react-hooks/exhaustive-deps

src\components\PetLocationMap.js
  Line 4:10:  'useNavigate' is defined but never used  no-unused-vars

Search for the keywords to learn more about each warning.
To ignore, add // eslint-disable-next-line to the line before.

File sizes after gzip:

  173.41 kB  build\static\js\main.a072ae74.js
  71.37 kB   build\static\js\181.eb608bc3.chunk.js
  36.95 kB   build\static\css\main.044dbd1f.css

The project was built assuming it is hosted at /.
You can control this with the homepage field in your package.json.

The build folder is ready to be deployed.
You may serve it with a static server:

  npm install -g serve
  serve -s build

Find out more about deployment here:

  https://cra.link/deployment

